Archive member included to satisfy reference by file (symbol)

d:/softwares/stm32cubeide_1.7.0/stm32cubeide/plugins/com.st.stm32cube.ide.mcu.externaltools.gnu-tools-for-stm32.9-2020-q2-update.win32_2.0.0.202105311346/tools/bin/../lib/gcc/arm-none-eabi/9.3.1/../../../../arm-none-eabi/lib/thumb/v7e-m+fp/hard\libc_nano.a(lib_a-exit.o)
                              d:/softwares/stm32cubeide_1.7.0/stm32cubeide/plugins/com.st.stm32cube.ide.mcu.externaltools.gnu-tools-for-stm32.9-2020-q2-update.win32_2.0.0.202105311346/tools/bin/../lib/gcc/arm-none-eabi/9.3.1/../../../../arm-none-eabi/lib/thumb/v7e-m+fp/hard/crt0.o (exit)
d:/softwares/stm32cubeide_1.7.0/stm32cubeide/plugins/com.st.stm32cube.ide.mcu.externaltools.gnu-tools-for-stm32.9-2020-q2-update.win32_2.0.0.202105311346/tools/bin/../lib/gcc/arm-none-eabi/9.3.1/../../../../arm-none-eabi/lib/thumb/v7e-m+fp/hard\libc_nano.a(lib_a-impure.o)
                              d:/softwares/stm32cubeide_1.7.0/stm32cubeide/plugins/com.st.stm32cube.ide.mcu.externaltools.gnu-tools-for-stm32.9-2020-q2-update.win32_2.0.0.202105311346/tools/bin/../lib/gcc/arm-none-eabi/9.3.1/../../../../arm-none-eabi/lib/thumb/v7e-m+fp/hard\libc_nano.a(lib_a-exit.o) (_global_impure_ptr)
d:/softwares/stm32cubeide_1.7.0/stm32cubeide/plugins/com.st.stm32cube.ide.mcu.externaltools.gnu-tools-for-stm32.9-2020-q2-update.win32_2.0.0.202105311346/tools/bin/../lib/gcc/arm-none-eabi/9.3.1/../../../../arm-none-eabi/lib/thumb/v7e-m+fp/hard\libc_nano.a(lib_a-init.o)
                              d:/softwares/stm32cubeide_1.7.0/stm32cubeide/plugins/com.st.stm32cube.ide.mcu.externaltools.gnu-tools-for-stm32.9-2020-q2-update.win32_2.0.0.202105311346/tools/bin/../lib/gcc/arm-none-eabi/9.3.1/../../../../arm-none-eabi/lib/thumb/v7e-m+fp/hard/crt0.o (__libc_init_array)
d:/softwares/stm32cubeide_1.7.0/stm32cubeide/plugins/com.st.stm32cube.ide.mcu.externaltools.gnu-tools-for-stm32.9-2020-q2-update.win32_2.0.0.202105311346/tools/bin/../lib/gcc/arm-none-eabi/9.3.1/../../../../arm-none-eabi/lib/thumb/v7e-m+fp/hard\libc_nano.a(lib_a-memset.o)
                              d:/softwares/stm32cubeide_1.7.0/stm32cubeide/plugins/com.st.stm32cube.ide.mcu.externaltools.gnu-tools-for-stm32.9-2020-q2-update.win32_2.0.0.202105311346/tools/bin/../lib/gcc/arm-none-eabi/9.3.1/../../../../arm-none-eabi/lib/thumb/v7e-m+fp/hard/crt0.o (memset)
d:/softwares/stm32cubeide_1.7.0/stm32cubeide/plugins/com.st.stm32cube.ide.mcu.externaltools.gnu-tools-for-stm32.9-2020-q2-update.win32_2.0.0.202105311346/tools/bin/../lib/gcc/arm-none-eabi/9.3.1/../../../../arm-none-eabi/lib/thumb/v7e-m+fp/hard\libc_nano.a(lib_a-strlen.o)
                              ./Src/05_spi_tx_test_arduino.o (strlen)
d:/softwares/stm32cubeide_1.7.0/stm32cubeide/plugins/com.st.stm32cube.ide.mcu.externaltools.gnu-tools-for-stm32.9-2020-q2-update.win32_2.0.0.202105311346/tools/bin/../lib/gcc/arm-none-eabi/9.3.1/../../../../arm-none-eabi/lib/thumb/v7e-m+fp/hard\libnosys.a(_exit.o)
                              d:/softwares/stm32cubeide_1.7.0/stm32cubeide/plugins/com.st.stm32cube.ide.mcu.externaltools.gnu-tools-for-stm32.9-2020-q2-update.win32_2.0.0.202105311346/tools/bin/../lib/gcc/arm-none-eabi/9.3.1/../../../../arm-none-eabi/lib/thumb/v7e-m+fp/hard\libc_nano.a(lib_a-exit.o) (_exit)

Discarded input sections

 .text          0x0000000000000000        0x0 d:/softwares/stm32cubeide_1.7.0/stm32cubeide/plugins/com.st.stm32cube.ide.mcu.externaltools.gnu-tools-for-stm32.9-2020-q2-update.win32_2.0.0.202105311346/tools/bin/../lib/gcc/arm-none-eabi/9.3.1/thumb/v7e-m+fp/hard/crti.o
 .data          0x0000000000000000        0x0 d:/softwares/stm32cubeide_1.7.0/stm32cubeide/plugins/com.st.stm32cube.ide.mcu.externaltools.gnu-tools-for-stm32.9-2020-q2-update.win32_2.0.0.202105311346/tools/bin/../lib/gcc/arm-none-eabi/9.3.1/thumb/v7e-m+fp/hard/crti.o
 .bss           0x0000000000000000        0x0 d:/softwares/stm32cubeide_1.7.0/stm32cubeide/plugins/com.st.stm32cube.ide.mcu.externaltools.gnu-tools-for-stm32.9-2020-q2-update.win32_2.0.0.202105311346/tools/bin/../lib/gcc/arm-none-eabi/9.3.1/thumb/v7e-m+fp/hard/crti.o
 .data          0x0000000000000000        0x4 d:/softwares/stm32cubeide_1.7.0/stm32cubeide/plugins/com.st.stm32cube.ide.mcu.externaltools.gnu-tools-for-stm32.9-2020-q2-update.win32_2.0.0.202105311346/tools/bin/../lib/gcc/arm-none-eabi/9.3.1/thumb/v7e-m+fp/hard/crtbegin.o
 .text          0x0000000000000000       0x7c d:/softwares/stm32cubeide_1.7.0/stm32cubeide/plugins/com.st.stm32cube.ide.mcu.externaltools.gnu-tools-for-stm32.9-2020-q2-update.win32_2.0.0.202105311346/tools/bin/../lib/gcc/arm-none-eabi/9.3.1/../../../../arm-none-eabi/lib/thumb/v7e-m+fp/hard/crt0.o
 .data          0x0000000000000000        0x0 d:/softwares/stm32cubeide_1.7.0/stm32cubeide/plugins/com.st.stm32cube.ide.mcu.externaltools.gnu-tools-for-stm32.9-2020-q2-update.win32_2.0.0.202105311346/tools/bin/../lib/gcc/arm-none-eabi/9.3.1/../../../../arm-none-eabi/lib/thumb/v7e-m+fp/hard/crt0.o
 .bss           0x0000000000000000        0x0 d:/softwares/stm32cubeide_1.7.0/stm32cubeide/plugins/com.st.stm32cube.ide.mcu.externaltools.gnu-tools-for-stm32.9-2020-q2-update.win32_2.0.0.202105311346/tools/bin/../lib/gcc/arm-none-eabi/9.3.1/../../../../arm-none-eabi/lib/thumb/v7e-m+fp/hard/crt0.o
 .ARM.extab     0x0000000000000000        0x0 d:/softwares/stm32cubeide_1.7.0/stm32cubeide/plugins/com.st.stm32cube.ide.mcu.externaltools.gnu-tools-for-stm32.9-2020-q2-update.win32_2.0.0.202105311346/tools/bin/../lib/gcc/arm-none-eabi/9.3.1/../../../../arm-none-eabi/lib/thumb/v7e-m+fp/hard/crt0.o
 .ARM.exidx     0x0000000000000000       0x10 d:/softwares/stm32cubeide_1.7.0/stm32cubeide/plugins/com.st.stm32cube.ide.mcu.externaltools.gnu-tools-for-stm32.9-2020-q2-update.win32_2.0.0.202105311346/tools/bin/../lib/gcc/arm-none-eabi/9.3.1/../../../../arm-none-eabi/lib/thumb/v7e-m+fp/hard/crt0.o
 .ARM.attributes
                0x0000000000000000       0x1c d:/softwares/stm32cubeide_1.7.0/stm32cubeide/plugins/com.st.stm32cube.ide.mcu.externaltools.gnu-tools-for-stm32.9-2020-q2-update.win32_2.0.0.202105311346/tools/bin/../lib/gcc/arm-none-eabi/9.3.1/../../../../arm-none-eabi/lib/thumb/v7e-m+fp/hard/crt0.o
 .group         0x0000000000000000        0xc ./Src/05_spi_tx_test_arduino.o
 .group         0x0000000000000000        0xc ./Src/05_spi_tx_test_arduino.o
 .group         0x0000000000000000        0xc ./Src/05_spi_tx_test_arduino.o
 .group         0x0000000000000000        0xc ./Src/05_spi_tx_test_arduino.o
 .group         0x0000000000000000        0xc ./Src/05_spi_tx_test_arduino.o
 .group         0x0000000000000000        0xc ./Src/05_spi_tx_test_arduino.o
 .group         0x0000000000000000        0xc ./Src/05_spi_tx_test_arduino.o
 .group         0x0000000000000000        0xc ./Src/05_spi_tx_test_arduino.o
 .group         0x0000000000000000        0xc ./Src/05_spi_tx_test_arduino.o
 .group         0x0000000000000000        0xc ./Src/05_spi_tx_test_arduino.o
 .group         0x0000000000000000        0xc ./Src/05_spi_tx_test_arduino.o
 .group         0x0000000000000000        0xc ./Src/05_spi_tx_test_arduino.o
 .group         0x0000000000000000        0xc ./Src/05_spi_tx_test_arduino.o
 .group         0x0000000000000000        0xc ./Src/05_spi_tx_test_arduino.o
 .group         0x0000000000000000        0xc ./Src/05_spi_tx_test_arduino.o
 .group         0x0000000000000000        0xc ./Src/05_spi_tx_test_arduino.o
 .group         0x0000000000000000        0xc ./Src/05_spi_tx_test_arduino.o
 .group         0x0000000000000000        0xc ./Src/05_spi_tx_test_arduino.o
 .group         0x0000000000000000        0xc ./Src/05_spi_tx_test_arduino.o
 .group         0x0000000000000000        0xc ./Src/05_spi_tx_test_arduino.o
 .group         0x0000000000000000        0xc ./Src/05_spi_tx_test_arduino.o
 .group         0x0000000000000000        0xc ./Src/05_spi_tx_test_arduino.o
 .group         0x0000000000000000        0xc ./Src/05_spi_tx_test_arduino.o
 .group         0x0000000000000000        0xc ./Src/05_spi_tx_test_arduino.o
 .group         0x0000000000000000        0xc ./Src/05_spi_tx_test_arduino.o
 .group         0x0000000000000000        0xc ./Src/05_spi_tx_test_arduino.o
 .group         0x0000000000000000        0xc ./Src/05_spi_tx_test_arduino.o
 .text          0x0000000000000000        0x0 ./Src/05_spi_tx_test_arduino.o
 .data          0x0000000000000000        0x0 ./Src/05_spi_tx_test_arduino.o
 .bss           0x0000000000000000        0x0 ./Src/05_spi_tx_test_arduino.o
 .text          0x0000000000000000       0x14 ./Startup/startup_stm32f303retx.o
 .data          0x0000000000000000        0x0 ./Startup/startup_stm32f303retx.o
 .bss           0x0000000000000000        0x0 ./Startup/startup_stm32f303retx.o
 .group         0x0000000000000000        0xc ./drivers/src/stm32f303xx_gpio_driver.o
 .group         0x0000000000000000        0xc ./drivers/src/stm32f303xx_gpio_driver.o
 .group         0x0000000000000000        0xc ./drivers/src/stm32f303xx_gpio_driver.o
 .group         0x0000000000000000        0xc ./drivers/src/stm32f303xx_gpio_driver.o
 .group         0x0000000000000000        0xc ./drivers/src/stm32f303xx_gpio_driver.o
 .group         0x0000000000000000        0xc ./drivers/src/stm32f303xx_gpio_driver.o
 .group         0x0000000000000000        0xc ./drivers/src/stm32f303xx_gpio_driver.o
 .group         0x0000000000000000        0xc ./drivers/src/stm32f303xx_gpio_driver.o
 .group         0x0000000000000000        0xc ./drivers/src/stm32f303xx_gpio_driver.o
 .group         0x0000000000000000        0xc ./drivers/src/stm32f303xx_gpio_driver.o
 .text          0x0000000000000000        0x0 ./drivers/src/stm32f303xx_gpio_driver.o
 .data          0x0000000000000000        0x0 ./drivers/src/stm32f303xx_gpio_driver.o
 .bss           0x0000000000000000        0x0 ./drivers/src/stm32f303xx_gpio_driver.o
 .text.GPIO_DeInit
                0x0000000000000000      0x144 ./drivers/src/stm32f303xx_gpio_driver.o
 .text.GPIO_ReadFromInputPort
                0x0000000000000000       0x1c ./drivers/src/stm32f303xx_gpio_driver.o
 .text.GPIO_WriteToOutputPin
                0x0000000000000000       0x4a ./drivers/src/stm32f303xx_gpio_driver.o
 .text.GPIO_WriteToOutputPort
                0x0000000000000000       0x1e ./drivers/src/stm32f303xx_gpio_driver.o
 .text.GPIO_ToggleOutputPin
                0x0000000000000000       0x2a ./drivers/src/stm32f303xx_gpio_driver.o
 .text.GPIO_IRQInterruptConfig
                0x0000000000000000      0x10c ./drivers/src/stm32f303xx_gpio_driver.o
 .text.GPIO_IRQPriorityConfig
                0x0000000000000000       0x54 ./drivers/src/stm32f303xx_gpio_driver.o
 .text.GPIO_IRQHandling
                0x0000000000000000       0x48 ./drivers/src/stm32f303xx_gpio_driver.o
 .debug_macro   0x0000000000000000      0xab4 ./drivers/src/stm32f303xx_gpio_driver.o
 .debug_macro   0x0000000000000000       0x22 ./drivers/src/stm32f303xx_gpio_driver.o
 .debug_macro   0x0000000000000000       0x8e ./drivers/src/stm32f303xx_gpio_driver.o
 .debug_macro   0x0000000000000000       0x51 ./drivers/src/stm32f303xx_gpio_driver.o
 .debug_macro   0x0000000000000000      0x103 ./drivers/src/stm32f303xx_gpio_driver.o
 .debug_macro   0x0000000000000000       0x6a ./drivers/src/stm32f303xx_gpio_driver.o
 .debug_macro   0x0000000000000000      0x1df ./drivers/src/stm32f303xx_gpio_driver.o
 .debug_macro   0x0000000000000000      0x4de ./drivers/src/stm32f303xx_gpio_driver.o
 .debug_macro   0x0000000000000000       0xbe ./drivers/src/stm32f303xx_gpio_driver.o
 .group         0x0000000000000000        0xc ./drivers/src/stm32f303xx_spi_driver.o
 .group         0x0000000000000000        0xc ./drivers/src/stm32f303xx_spi_driver.o
 .group         0x0000000000000000        0xc ./drivers/src/stm32f303xx_spi_driver.o
 .group         0x0000000000000000        0xc ./drivers/src/stm32f303xx_spi_driver.o
 .group         0x0000000000000000        0xc ./drivers/src/stm32f303xx_spi_driver.o
 .group         0x0000000000000000        0xc ./drivers/src/stm32f303xx_spi_driver.o
 .group         0x0000000000000000        0xc ./drivers/src/stm32f303xx_spi_driver.o
 .group         0x0000000000000000        0xc ./drivers/src/stm32f303xx_spi_driver.o
 .group         0x0000000000000000        0xc ./drivers/src/stm32f303xx_spi_driver.o
 .group         0x0000000000000000        0xc ./drivers/src/stm32f303xx_spi_driver.o
 .text          0x0000000000000000        0x0 ./drivers/src/stm32f303xx_spi_driver.o
 .data          0x0000000000000000        0x0 ./drivers/src/stm32f303xx_spi_driver.o
 .bss           0x0000000000000000        0x0 ./drivers/src/stm32f303xx_spi_driver.o
 .text.SPI_DeInit
                0x0000000000000000       0xb0 ./drivers/src/stm32f303xx_spi_driver.o
 .text.SPI_SSIConfig
                0x0000000000000000       0x38 ./drivers/src/stm32f303xx_spi_driver.o
 .debug_macro   0x0000000000000000      0xab4 ./drivers/src/stm32f303xx_spi_driver.o
 .debug_macro   0x0000000000000000       0x22 ./drivers/src/stm32f303xx_spi_driver.o
 .debug_macro   0x0000000000000000       0x8e ./drivers/src/stm32f303xx_spi_driver.o
 .debug_macro   0x0000000000000000       0x51 ./drivers/src/stm32f303xx_spi_driver.o
 .debug_macro   0x0000000000000000      0x103 ./drivers/src/stm32f303xx_spi_driver.o
 .debug_macro   0x0000000000000000       0x6a ./drivers/src/stm32f303xx_spi_driver.o
 .debug_macro   0x0000000000000000      0x1df ./drivers/src/stm32f303xx_spi_driver.o
 .debug_macro   0x0000000000000000      0x4de ./drivers/src/stm32f303xx_spi_driver.o
 .debug_macro   0x0000000000000000       0xbe ./drivers/src/stm32f303xx_spi_driver.o
 .debug_macro   0x0000000000000000       0x94 ./drivers/src/stm32f303xx_spi_driver.o
 .text          0x0000000000000000        0x0 d:/softwares/stm32cubeide_1.7.0/stm32cubeide/plugins/com.st.stm32cube.ide.mcu.externaltools.gnu-tools-for-stm32.9-2020-q2-update.win32_2.0.0.202105311346/tools/bin/../lib/gcc/arm-none-eabi/9.3.1/../../../../arm-none-eabi/lib/thumb/v7e-m+fp/hard\libc_nano.a(lib_a-exit.o)
 .data          0x0000000000000000        0x0 d:/softwares/stm32cubeide_1.7.0/stm32cubeide/plugins/com.st.stm32cube.ide.mcu.externaltools.gnu-tools-for-stm32.9-2020-q2-update.win32_2.0.0.202105311346/tools/bin/../lib/gcc/arm-none-eabi/9.3.1/../../../../arm-none-eabi/lib/thumb/v7e-m+fp/hard\libc_nano.a(lib_a-exit.o)
 .bss           0x0000000000000000        0x0 d:/softwares/stm32cubeide_1.7.0/stm32cubeide/plugins/com.st.stm32cube.ide.mcu.externaltools.gnu-tools-for-stm32.9-2020-q2-update.win32_2.0.0.202105311346/tools/bin/../lib/gcc/arm-none-eabi/9.3.1/../../../../arm-none-eabi/lib/thumb/v7e-m+fp/hard\libc_nano.a(lib_a-exit.o)
 .text.exit     0x0000000000000000       0x28 d:/softwares/stm32cubeide_1.7.0/stm32cubeide/plugins/com.st.stm32cube.ide.mcu.externaltools.gnu-tools-for-stm32.9-2020-q2-update.win32_2.0.0.202105311346/tools/bin/../lib/gcc/arm-none-eabi/9.3.1/../../../../arm-none-eabi/lib/thumb/v7e-m+fp/hard\libc_nano.a(lib_a-exit.o)
 .debug_frame   0x0000000000000000       0x28 d:/softwares/stm32cubeide_1.7.0/stm32cubeide/plugins/com.st.stm32cube.ide.mcu.externaltools.gnu-tools-for-stm32.9-2020-q2-update.win32_2.0.0.202105311346/tools/bin/../lib/gcc/arm-none-eabi/9.3.1/../../../../arm-none-eabi/lib/thumb/v7e-m+fp/hard\libc_nano.a(lib_a-exit.o)
 .ARM.attributes
                0x0000000000000000       0x34 d:/softwares/stm32cubeide_1.7.0/stm32cubeide/plugins/com.st.stm32cube.ide.mcu.externaltools.gnu-tools-for-stm32.9-2020-q2-update.win32_2.0.0.202105311346/tools/bin/../lib/gcc/arm-none-eabi/9.3.1/../../../../arm-none-eabi/lib/thumb/v7e-m+fp/hard\libc_nano.a(lib_a-exit.o)
 .text          0x0000000000000000        0x0 d:/softwares/stm32cubeide_1.7.0/stm32cubeide/plugins/com.st.stm32cube.ide.mcu.externaltools.gnu-tools-for-stm32.9-2020-q2-update.win32_2.0.0.202105311346/tools/bin/../lib/gcc/arm-none-eabi/9.3.1/../../../../arm-none-eabi/lib/thumb/v7e-m+fp/hard\libc_nano.a(lib_a-impure.o)
 .data          0x0000000000000000        0x0 d:/softwares/stm32cubeide_1.7.0/stm32cubeide/plugins/com.st.stm32cube.ide.mcu.externaltools.gnu-tools-for-stm32.9-2020-q2-update.win32_2.0.0.202105311346/tools/bin/../lib/gcc/arm-none-eabi/9.3.1/../../../../arm-none-eabi/lib/thumb/v7e-m+fp/hard\libc_nano.a(lib_a-impure.o)
 .bss           0x0000000000000000        0x0 d:/softwares/stm32cubeide_1.7.0/stm32cubeide/plugins/com.st.stm32cube.ide.mcu.externaltools.gnu-tools-for-stm32.9-2020-q2-update.win32_2.0.0.202105311346/tools/bin/../lib/gcc/arm-none-eabi/9.3.1/../../../../arm-none-eabi/lib/thumb/v7e-m+fp/hard\libc_nano.a(lib_a-impure.o)
 .data._impure_ptr
                0x0000000000000000        0x4 d:/softwares/stm32cubeide_1.7.0/stm32cubeide/plugins/com.st.stm32cube.ide.mcu.externaltools.gnu-tools-for-stm32.9-2020-q2-update.win32_2.0.0.202105311346/tools/bin/../lib/gcc/arm-none-eabi/9.3.1/../../../../arm-none-eabi/lib/thumb/v7e-m+fp/hard\libc_nano.a(lib_a-impure.o)
 .data.impure_data
                0x0000000000000000       0x60 d:/softwares/stm32cubeide_1.7.0/stm32cubeide/plugins/com.st.stm32cube.ide.mcu.externaltools.gnu-tools-for-stm32.9-2020-q2-update.win32_2.0.0.202105311346/tools/bin/../lib/gcc/arm-none-eabi/9.3.1/../../../../arm-none-eabi/lib/thumb/v7e-m+fp/hard\libc_nano.a(lib_a-impure.o)
 .rodata._global_impure_ptr
                0x0000000000000000        0x4 d:/softwares/stm32cubeide_1.7.0/stm32cubeide/plugins/com.st.stm32cube.ide.mcu.externaltools.gnu-tools-for-stm32.9-2020-q2-update.win32_2.0.0.202105311346/tools/bin/../lib/gcc/arm-none-eabi/9.3.1/../../../../arm-none-eabi/lib/thumb/v7e-m+fp/hard\libc_nano.a(lib_a-impure.o)
 .ARM.attributes
                0x0000000000000000       0x32 d:/softwares/stm32cubeide_1.7.0/stm32cubeide/plugins/com.st.stm32cube.ide.mcu.externaltools.gnu-tools-for-stm32.9-2020-q2-update.win32_2.0.0.202105311346/tools/bin/../lib/gcc/arm-none-eabi/9.3.1/../../../../arm-none-eabi/lib/thumb/v7e-m+fp/hard\libc_nano.a(lib_a-impure.o)
 .text          0x0000000000000000        0x0 d:/softwares/stm32cubeide_1.7.0/stm32cubeide/plugins/com.st.stm32cube.ide.mcu.externaltools.gnu-tools-for-stm32.9-2020-q2-update.win32_2.0.0.202105311346/tools/bin/../lib/gcc/arm-none-eabi/9.3.1/../../../../arm-none-eabi/lib/thumb/v7e-m+fp/hard\libc_nano.a(lib_a-init.o)
 .data          0x0000000000000000        0x0 d:/softwares/stm32cubeide_1.7.0/stm32cubeide/plugins/com.st.stm32cube.ide.mcu.externaltools.gnu-tools-for-stm32.9-2020-q2-update.win32_2.0.0.202105311346/tools/bin/../lib/gcc/arm-none-eabi/9.3.1/../../../../arm-none-eabi/lib/thumb/v7e-m+fp/hard\libc_nano.a(lib_a-init.o)
 .bss           0x0000000000000000        0x0 d:/softwares/stm32cubeide_1.7.0/stm32cubeide/plugins/com.st.stm32cube.ide.mcu.externaltools.gnu-tools-for-stm32.9-2020-q2-update.win32_2.0.0.202105311346/tools/bin/../lib/gcc/arm-none-eabi/9.3.1/../../../../arm-none-eabi/lib/thumb/v7e-m+fp/hard\libc_nano.a(lib_a-init.o)
 .text          0x0000000000000000        0x0 d:/softwares/stm32cubeide_1.7.0/stm32cubeide/plugins/com.st.stm32cube.ide.mcu.externaltools.gnu-tools-for-stm32.9-2020-q2-update.win32_2.0.0.202105311346/tools/bin/../lib/gcc/arm-none-eabi/9.3.1/../../../../arm-none-eabi/lib/thumb/v7e-m+fp/hard\libc_nano.a(lib_a-memset.o)
 .data          0x0000000000000000        0x0 d:/softwares/stm32cubeide_1.7.0/stm32cubeide/plugins/com.st.stm32cube.ide.mcu.externaltools.gnu-tools-for-stm32.9-2020-q2-update.win32_2.0.0.202105311346/tools/bin/../lib/gcc/arm-none-eabi/9.3.1/../../../../arm-none-eabi/lib/thumb/v7e-m+fp/hard\libc_nano.a(lib_a-memset.o)
 .bss           0x0000000000000000        0x0 d:/softwares/stm32cubeide_1.7.0/stm32cubeide/plugins/com.st.stm32cube.ide.mcu.externaltools.gnu-tools-for-stm32.9-2020-q2-update.win32_2.0.0.202105311346/tools/bin/../lib/gcc/arm-none-eabi/9.3.1/../../../../arm-none-eabi/lib/thumb/v7e-m+fp/hard\libc_nano.a(lib_a-memset.o)
 .text.memset   0x0000000000000000       0x10 d:/softwares/stm32cubeide_1.7.0/stm32cubeide/plugins/com.st.stm32cube.ide.mcu.externaltools.gnu-tools-for-stm32.9-2020-q2-update.win32_2.0.0.202105311346/tools/bin/../lib/gcc/arm-none-eabi/9.3.1/../../../../arm-none-eabi/lib/thumb/v7e-m+fp/hard\libc_nano.a(lib_a-memset.o)
 .debug_frame   0x0000000000000000       0x20 d:/softwares/stm32cubeide_1.7.0/stm32cubeide/plugins/com.st.stm32cube.ide.mcu.externaltools.gnu-tools-for-stm32.9-2020-q2-update.win32_2.0.0.202105311346/tools/bin/../lib/gcc/arm-none-eabi/9.3.1/../../../../arm-none-eabi/lib/thumb/v7e-m+fp/hard\libc_nano.a(lib_a-memset.o)
 .ARM.attributes
                0x0000000000000000       0x34 d:/softwares/stm32cubeide_1.7.0/stm32cubeide/plugins/com.st.stm32cube.ide.mcu.externaltools.gnu-tools-for-stm32.9-2020-q2-update.win32_2.0.0.202105311346/tools/bin/../lib/gcc/arm-none-eabi/9.3.1/../../../../arm-none-eabi/lib/thumb/v7e-m+fp/hard\libc_nano.a(lib_a-memset.o)
 .data          0x0000000000000000        0x0 d:/softwares/stm32cubeide_1.7.0/stm32cubeide/plugins/com.st.stm32cube.ide.mcu.externaltools.gnu-tools-for-stm32.9-2020-q2-update.win32_2.0.0.202105311346/tools/bin/../lib/gcc/arm-none-eabi/9.3.1/../../../../arm-none-eabi/lib/thumb/v7e-m+fp/hard\libc_nano.a(lib_a-strlen.o)
 .bss           0x0000000000000000        0x0 d:/softwares/stm32cubeide_1.7.0/stm32cubeide/plugins/com.st.stm32cube.ide.mcu.externaltools.gnu-tools-for-stm32.9-2020-q2-update.win32_2.0.0.202105311346/tools/bin/../lib/gcc/arm-none-eabi/9.3.1/../../../../arm-none-eabi/lib/thumb/v7e-m+fp/hard\libc_nano.a(lib_a-strlen.o)
 .text          0x0000000000000000        0x0 d:/softwares/stm32cubeide_1.7.0/stm32cubeide/plugins/com.st.stm32cube.ide.mcu.externaltools.gnu-tools-for-stm32.9-2020-q2-update.win32_2.0.0.202105311346/tools/bin/../lib/gcc/arm-none-eabi/9.3.1/../../../../arm-none-eabi/lib/thumb/v7e-m+fp/hard\libnosys.a(_exit.o)
 .data          0x0000000000000000        0x0 d:/softwares/stm32cubeide_1.7.0/stm32cubeide/plugins/com.st.stm32cube.ide.mcu.externaltools.gnu-tools-for-stm32.9-2020-q2-update.win32_2.0.0.202105311346/tools/bin/../lib/gcc/arm-none-eabi/9.3.1/../../../../arm-none-eabi/lib/thumb/v7e-m+fp/hard\libnosys.a(_exit.o)
 .bss           0x0000000000000000        0x0 d:/softwares/stm32cubeide_1.7.0/stm32cubeide/plugins/com.st.stm32cube.ide.mcu.externaltools.gnu-tools-for-stm32.9-2020-q2-update.win32_2.0.0.202105311346/tools/bin/../lib/gcc/arm-none-eabi/9.3.1/../../../../arm-none-eabi/lib/thumb/v7e-m+fp/hard\libnosys.a(_exit.o)
 .text._exit    0x0000000000000000        0x2 d:/softwares/stm32cubeide_1.7.0/stm32cubeide/plugins/com.st.stm32cube.ide.mcu.externaltools.gnu-tools-for-stm32.9-2020-q2-update.win32_2.0.0.202105311346/tools/bin/../lib/gcc/arm-none-eabi/9.3.1/../../../../arm-none-eabi/lib/thumb/v7e-m+fp/hard\libnosys.a(_exit.o)
 .debug_frame   0x0000000000000000       0x20 d:/softwares/stm32cubeide_1.7.0/stm32cubeide/plugins/com.st.stm32cube.ide.mcu.externaltools.gnu-tools-for-stm32.9-2020-q2-update.win32_2.0.0.202105311346/tools/bin/../lib/gcc/arm-none-eabi/9.3.1/../../../../arm-none-eabi/lib/thumb/v7e-m+fp/hard\libnosys.a(_exit.o)
 .ARM.attributes
                0x0000000000000000       0x34 d:/softwares/stm32cubeide_1.7.0/stm32cubeide/plugins/com.st.stm32cube.ide.mcu.externaltools.gnu-tools-for-stm32.9-2020-q2-update.win32_2.0.0.202105311346/tools/bin/../lib/gcc/arm-none-eabi/9.3.1/../../../../arm-none-eabi/lib/thumb/v7e-m+fp/hard\libnosys.a(_exit.o)
 .text          0x0000000000000000        0x0 d:/softwares/stm32cubeide_1.7.0/stm32cubeide/plugins/com.st.stm32cube.ide.mcu.externaltools.gnu-tools-for-stm32.9-2020-q2-update.win32_2.0.0.202105311346/tools/bin/../lib/gcc/arm-none-eabi/9.3.1/thumb/v7e-m+fp/hard/crtend.o
 .data          0x0000000000000000        0x0 d:/softwares/stm32cubeide_1.7.0/stm32cubeide/plugins/com.st.stm32cube.ide.mcu.externaltools.gnu-tools-for-stm32.9-2020-q2-update.win32_2.0.0.202105311346/tools/bin/../lib/gcc/arm-none-eabi/9.3.1/thumb/v7e-m+fp/hard/crtend.o
 .bss           0x0000000000000000        0x0 d:/softwares/stm32cubeide_1.7.0/stm32cubeide/plugins/com.st.stm32cube.ide.mcu.externaltools.gnu-tools-for-stm32.9-2020-q2-update.win32_2.0.0.202105311346/tools/bin/../lib/gcc/arm-none-eabi/9.3.1/thumb/v7e-m+fp/hard/crtend.o
 .eh_frame      0x0000000000000000        0x4 d:/softwares/stm32cubeide_1.7.0/stm32cubeide/plugins/com.st.stm32cube.ide.mcu.externaltools.gnu-tools-for-stm32.9-2020-q2-update.win32_2.0.0.202105311346/tools/bin/../lib/gcc/arm-none-eabi/9.3.1/thumb/v7e-m+fp/hard/crtend.o
 .ARM.attributes
                0x0000000000000000       0x32 d:/softwares/stm32cubeide_1.7.0/stm32cubeide/plugins/com.st.stm32cube.ide.mcu.externaltools.gnu-tools-for-stm32.9-2020-q2-update.win32_2.0.0.202105311346/tools/bin/../lib/gcc/arm-none-eabi/9.3.1/thumb/v7e-m+fp/hard/crtend.o
 .text          0x0000000000000000        0x0 d:/softwares/stm32cubeide_1.7.0/stm32cubeide/plugins/com.st.stm32cube.ide.mcu.externaltools.gnu-tools-for-stm32.9-2020-q2-update.win32_2.0.0.202105311346/tools/bin/../lib/gcc/arm-none-eabi/9.3.1/thumb/v7e-m+fp/hard/crtn.o
 .data          0x0000000000000000        0x0 d:/softwares/stm32cubeide_1.7.0/stm32cubeide/plugins/com.st.stm32cube.ide.mcu.externaltools.gnu-tools-for-stm32.9-2020-q2-update.win32_2.0.0.202105311346/tools/bin/../lib/gcc/arm-none-eabi/9.3.1/thumb/v7e-m+fp/hard/crtn.o
 .bss           0x0000000000000000        0x0 d:/softwares/stm32cubeide_1.7.0/stm32cubeide/plugins/com.st.stm32cube.ide.mcu.externaltools.gnu-tools-for-stm32.9-2020-q2-update.win32_2.0.0.202105311346/tools/bin/../lib/gcc/arm-none-eabi/9.3.1/thumb/v7e-m+fp/hard/crtn.o

Memory Configuration

Name             Origin             Length             Attributes
CCMRAM           0x0000000010000000 0x0000000000004000 xrw
RAM              0x0000000020000000 0x0000000000010000 xrw
FLASH            0x0000000008000000 0x0000000000080000 xr
*default*        0x0000000000000000 0xffffffffffffffff

Linker script and memory map

LOAD d:/softwares/stm32cubeide_1.7.0/stm32cubeide/plugins/com.st.stm32cube.ide.mcu.externaltools.gnu-tools-for-stm32.9-2020-q2-update.win32_2.0.0.202105311346/tools/bin/../lib/gcc/arm-none-eabi/9.3.1/thumb/v7e-m+fp/hard/crti.o
LOAD d:/softwares/stm32cubeide_1.7.0/stm32cubeide/plugins/com.st.stm32cube.ide.mcu.externaltools.gnu-tools-for-stm32.9-2020-q2-update.win32_2.0.0.202105311346/tools/bin/../lib/gcc/arm-none-eabi/9.3.1/thumb/v7e-m+fp/hard/crtbegin.o
LOAD d:/softwares/stm32cubeide_1.7.0/stm32cubeide/plugins/com.st.stm32cube.ide.mcu.externaltools.gnu-tools-for-stm32.9-2020-q2-update.win32_2.0.0.202105311346/tools/bin/../lib/gcc/arm-none-eabi/9.3.1/../../../../arm-none-eabi/lib/thumb/v7e-m+fp/hard/crt0.o
LOAD ./Src/05_spi_tx_test_arduino.o
LOAD ./Startup/startup_stm32f303retx.o
LOAD ./drivers/src/stm32f303xx_gpio_driver.o
LOAD ./drivers/src/stm32f303xx_spi_driver.o
START GROUP
LOAD d:/softwares/stm32cubeide_1.7.0/stm32cubeide/plugins/com.st.stm32cube.ide.mcu.externaltools.gnu-tools-for-stm32.9-2020-q2-update.win32_2.0.0.202105311346/tools/bin/../lib/gcc/arm-none-eabi/9.3.1/../../../../arm-none-eabi/lib/thumb/v7e-m+fp/hard\libc_nano.a
LOAD d:/softwares/stm32cubeide_1.7.0/stm32cubeide/plugins/com.st.stm32cube.ide.mcu.externaltools.gnu-tools-for-stm32.9-2020-q2-update.win32_2.0.0.202105311346/tools/bin/../lib/gcc/arm-none-eabi/9.3.1/../../../../arm-none-eabi/lib/thumb/v7e-m+fp/hard\libm.a
END GROUP
START GROUP
LOAD d:/softwares/stm32cubeide_1.7.0/stm32cubeide/plugins/com.st.stm32cube.ide.mcu.externaltools.gnu-tools-for-stm32.9-2020-q2-update.win32_2.0.0.202105311346/tools/bin/../lib/gcc/arm-none-eabi/9.3.1/thumb/v7e-m+fp/hard\libgcc.a
LOAD d:/softwares/stm32cubeide_1.7.0/stm32cubeide/plugins/com.st.stm32cube.ide.mcu.externaltools.gnu-tools-for-stm32.9-2020-q2-update.win32_2.0.0.202105311346/tools/bin/../lib/gcc/arm-none-eabi/9.3.1/../../../../arm-none-eabi/lib/thumb/v7e-m+fp/hard\libc_nano.a
END GROUP
START GROUP
LOAD d:/softwares/stm32cubeide_1.7.0/stm32cubeide/plugins/com.st.stm32cube.ide.mcu.externaltools.gnu-tools-for-stm32.9-2020-q2-update.win32_2.0.0.202105311346/tools/bin/../lib/gcc/arm-none-eabi/9.3.1/thumb/v7e-m+fp/hard\libgcc.a
LOAD d:/softwares/stm32cubeide_1.7.0/stm32cubeide/plugins/com.st.stm32cube.ide.mcu.externaltools.gnu-tools-for-stm32.9-2020-q2-update.win32_2.0.0.202105311346/tools/bin/../lib/gcc/arm-none-eabi/9.3.1/../../../../arm-none-eabi/lib/thumb/v7e-m+fp/hard\libc_nano.a
LOAD d:/softwares/stm32cubeide_1.7.0/stm32cubeide/plugins/com.st.stm32cube.ide.mcu.externaltools.gnu-tools-for-stm32.9-2020-q2-update.win32_2.0.0.202105311346/tools/bin/../lib/gcc/arm-none-eabi/9.3.1/../../../../arm-none-eabi/lib/thumb/v7e-m+fp/hard\libnosys.a
END GROUP
START GROUP
LOAD d:/softwares/stm32cubeide_1.7.0/stm32cubeide/plugins/com.st.stm32cube.ide.mcu.externaltools.gnu-tools-for-stm32.9-2020-q2-update.win32_2.0.0.202105311346/tools/bin/../lib/gcc/arm-none-eabi/9.3.1/thumb/v7e-m+fp/hard\libgcc.a
LOAD d:/softwares/stm32cubeide_1.7.0/stm32cubeide/plugins/com.st.stm32cube.ide.mcu.externaltools.gnu-tools-for-stm32.9-2020-q2-update.win32_2.0.0.202105311346/tools/bin/../lib/gcc/arm-none-eabi/9.3.1/../../../../arm-none-eabi/lib/thumb/v7e-m+fp/hard\libc_nano.a
LOAD d:/softwares/stm32cubeide_1.7.0/stm32cubeide/plugins/com.st.stm32cube.ide.mcu.externaltools.gnu-tools-for-stm32.9-2020-q2-update.win32_2.0.0.202105311346/tools/bin/../lib/gcc/arm-none-eabi/9.3.1/../../../../arm-none-eabi/lib/thumb/v7e-m+fp/hard\libnosys.a
END GROUP
LOAD d:/softwares/stm32cubeide_1.7.0/stm32cubeide/plugins/com.st.stm32cube.ide.mcu.externaltools.gnu-tools-for-stm32.9-2020-q2-update.win32_2.0.0.202105311346/tools/bin/../lib/gcc/arm-none-eabi/9.3.1/thumb/v7e-m+fp/hard/crtend.o
LOAD d:/softwares/stm32cubeide_1.7.0/stm32cubeide/plugins/com.st.stm32cube.ide.mcu.externaltools.gnu-tools-for-stm32.9-2020-q2-update.win32_2.0.0.202105311346/tools/bin/../lib/gcc/arm-none-eabi/9.3.1/thumb/v7e-m+fp/hard/crtn.o
                0x0000000020010000                _estack = (ORIGIN (RAM) + LENGTH (RAM))
                0x0000000000000200                _Min_Heap_Size = 0x200
                0x0000000000000400                _Min_Stack_Size = 0x400

.isr_vector     0x0000000008000000      0x194
                0x0000000008000000                . = ALIGN (0x4)
 *(.isr_vector)
 .isr_vector    0x0000000008000000      0x194 ./Startup/startup_stm32f303retx.o
                0x0000000008000000                g_pfnVectors
                0x0000000008000194                . = ALIGN (0x4)

.text           0x0000000008000194      0xa08
                0x0000000008000194                . = ALIGN (0x4)
 *(.text)
 .text          0x0000000008000194       0x40 d:/softwares/stm32cubeide_1.7.0/stm32cubeide/plugins/com.st.stm32cube.ide.mcu.externaltools.gnu-tools-for-stm32.9-2020-q2-update.win32_2.0.0.202105311346/tools/bin/../lib/gcc/arm-none-eabi/9.3.1/thumb/v7e-m+fp/hard/crtbegin.o
 .text          0x00000000080001d4       0x10 d:/softwares/stm32cubeide_1.7.0/stm32cubeide/plugins/com.st.stm32cube.ide.mcu.externaltools.gnu-tools-for-stm32.9-2020-q2-update.win32_2.0.0.202105311346/tools/bin/../lib/gcc/arm-none-eabi/9.3.1/../../../../arm-none-eabi/lib/thumb/v7e-m+fp/hard\libc_nano.a(lib_a-strlen.o)
                0x00000000080001d4                strlen
 *(.text*)
 .text.delay    0x00000000080001e4       0x2a ./Src/05_spi_tx_test_arduino.o
                0x00000000080001e4                delay
 *fill*         0x000000000800020e        0x2 
 .text.GPIO_ButtonInit
                0x0000000008000210       0x30 ./Src/05_spi_tx_test_arduino.o
                0x0000000008000210                GPIO_ButtonInit
 .text.SPI1_GPIOInit
                0x0000000008000240       0x4c ./Src/05_spi_tx_test_arduino.o
                0x0000000008000240                SPI1_GPIOInit
 .text.SPI1_Init
                0x000000000800028c       0x3c ./Src/05_spi_tx_test_arduino.o
                0x000000000800028c                SPI1_Init
 .text.main     0x00000000080002c8       0x9c ./Src/05_spi_tx_test_arduino.o
                0x00000000080002c8                main
 .text.Reset_Handler
                0x0000000008000364       0x50 ./Startup/startup_stm32f303retx.o
                0x0000000008000364                Reset_Handler
 .text.Default_Handler
                0x00000000080003b4        0x2 ./Startup/startup_stm32f303retx.o
                0x00000000080003b4                TIM8_TRG_COM_IRQHandler
                0x00000000080003b4                TIM8_CC_IRQHandler
                0x00000000080003b4                DebugMon_Handler
                0x00000000080003b4                DMA1_CH4_IRQHandler
                0x00000000080003b4                SPI4_IRQHandler
                0x00000000080003b4                TIM1_CC_IRQHandler
                0x00000000080003b4                HardFault_Handler
                0x00000000080003b4                USB_HP_IRQHandler
                0x00000000080003b4                I2C2_EV_EXTI24_IRQHandler
                0x00000000080003b4                SysTick_Handler
                0x00000000080003b4                USB_WKUP_EXTI_IRQHandler
                0x00000000080003b4                PVD_IRQHandler
                0x00000000080003b4                UART4_EXTI34_IRQHandler
                0x00000000080003b4                TAMP_STAMP_IRQHandler
                0x00000000080003b4                PendSV_Handler
                0x00000000080003b4                NMI_Handler
                0x00000000080003b4                EXTI3_IRQHandler
                0x00000000080003b4                I2C3_ER_IRQHandler
                0x00000000080003b4                TIM6_DACUNDER_IRQHandler
                0x00000000080003b4                USB_HP_CAN_TX_IRQHandler
                0x00000000080003b4                EXTI0_IRQHandler
                0x00000000080003b4                DMA2_CH1_IRQHandler
                0x00000000080003b4                FPU_IRQHandler
                0x00000000080003b4                TIM1_UP_TIM16_IRQHandler
                0x00000000080003b4                UsageFault_Handler
                0x00000000080003b4                ADC1_2_IRQHandler
                0x00000000080003b4                SPI1_IRQHandler
                0x00000000080003b4                CAN_SCE_IRQHandler
                0x00000000080003b4                DMA1_CH7_IRQHandler
                0x00000000080003b4                TIM8_UP_IRQHandler
                0x00000000080003b4                COMP456_IRQHandler
                0x00000000080003b4                DMA1_CH6_IRQHandler
                0x00000000080003b4                TIM20_TRG_COM_IRQHandler
                0x00000000080003b4                ADC3_IRQHandler
                0x00000000080003b4                TIM4_IRQHandler
                0x00000000080003b4                CAN_RX1_IRQHandler
                0x00000000080003b4                USART1_EXTI25_IRQHandler
                0x00000000080003b4                DMA2_CH5_IRQHandler
                0x00000000080003b4                I2C1_EV_EXTI23_IRQHandler
                0x00000000080003b4                DMA1_CH3_IRQHandler
                0x00000000080003b4                TIM3_IRQHandler
                0x00000000080003b4                RCC_IRQHandler
                0x00000000080003b4                TIM20_UP_IRQHandler
                0x00000000080003b4                Default_Handler
                0x00000000080003b4                EXTI15_10_IRQHandler
                0x00000000080003b4                USART2_EXTI26_IRQHandler
                0x00000000080003b4                USART3_EXTI28_IRQHandler
                0x00000000080003b4                TIM7_IRQHandler
                0x00000000080003b4                I2C3_EV_IRQHandler
                0x00000000080003b4                EXTI9_5_IRQHandler
                0x00000000080003b4                DMA1_CH2_IRQHandler
                0x00000000080003b4                RTC_WKUP_IRQHandler
                0x00000000080003b4                SPI2_IRQHandler
                0x00000000080003b4                DMA1_CH1_IRQHandler
                0x00000000080003b4                USB_LP_CAN_RX0_IRQHandler
                0x00000000080003b4                MemManage_Handler
                0x00000000080003b4                COMP123_IRQHandler
                0x00000000080003b4                SVC_Handler
                0x00000000080003b4                USB_LP_IRQHandler
                0x00000000080003b4                EXTI4_IRQHandler
                0x00000000080003b4                TIM1_TRG_COM_TIM17_IRQHandler
                0x00000000080003b4                ADC4_IRQHandler
                0x00000000080003b4                WWDG_IRQHandler
                0x00000000080003b4                TIM2_IRQHandler
                0x00000000080003b4                COMP7_IRQHandler
                0x00000000080003b4                EXTI1_IRQHandler
                0x00000000080003b4                RTCAlarm_IRQHandler
                0x00000000080003b4                UART5_EXTI35_IRQHandler
                0x00000000080003b4                TIM20_BRK_IRQHandler
                0x00000000080003b4                I2C2_ER_IRQHandler
                0x00000000080003b4                TIM8_BRK_IRQHandler
                0x00000000080003b4                FLASH_IRQHandler
                0x00000000080003b4                TIM20_CC_IRQHandler
                0x00000000080003b4                BusFault_Handler
                0x00000000080003b4                SPI3_IRQHandler
                0x00000000080003b4                DMA2_CH3_IRQHandler
                0x00000000080003b4                DMA2_CH2_IRQHandler
                0x00000000080003b4                I2C1_ER_IRQHandler
                0x00000000080003b4                FMC_IRQHandler
                0x00000000080003b4                DMA1_CH5_IRQHandler
                0x00000000080003b4                DMA2_CH4_IRQHandler
                0x00000000080003b4                USB_WKUP_IRQHandler
                0x00000000080003b4                EXTI2_TSC_IRQHandler
                0x00000000080003b4                TIM1_BRK_TIM15_IRQHandler
 *fill*         0x00000000080003b6        0x2 
 .text.GPIO_PeriClockControl
                0x00000000080003b8      0x19c ./drivers/src/stm32f303xx_gpio_driver.o
                0x00000000080003b8                GPIO_PeriClockControl
 .text.GPIO_Init
                0x0000000008000554      0x320 ./drivers/src/stm32f303xx_gpio_driver.o
                0x0000000008000554                GPIO_Init
 .text.GPIO_ReadFromInputPin
                0x0000000008000874       0x2c ./drivers/src/stm32f303xx_gpio_driver.o
                0x0000000008000874                GPIO_ReadFromInputPin
 .text.SPI_PeriClockControl
                0x00000000080008a0       0xe0 ./drivers/src/stm32f303xx_spi_driver.o
                0x00000000080008a0                SPI_PeriClockControl
 .text.SPI_Init
                0x0000000008000980       0xb6 ./drivers/src/stm32f303xx_spi_driver.o
                0x0000000008000980                SPI_Init
 .text.SPI_PeripheralControl
                0x0000000008000a36       0x38 ./drivers/src/stm32f303xx_spi_driver.o
                0x0000000008000a36                SPI_PeripheralControl
 .text.SPI_SSOEConfig
                0x0000000008000a6e       0x38 ./drivers/src/stm32f303xx_spi_driver.o
                0x0000000008000a6e                SPI_SSOEConfig
 .text.SPI_GetFlagStatus
                0x0000000008000aa6       0x28 ./drivers/src/stm32f303xx_spi_driver.o
                0x0000000008000aa6                SPI_GetFlagStatus
 .text.SPI_SendData
                0x0000000008000ace       0x6e ./drivers/src/stm32f303xx_spi_driver.o
                0x0000000008000ace                SPI_SendData
 .text.__libc_init_array
                0x0000000008000b3c       0x48 d:/softwares/stm32cubeide_1.7.0/stm32cubeide/plugins/com.st.stm32cube.ide.mcu.externaltools.gnu-tools-for-stm32.9-2020-q2-update.win32_2.0.0.202105311346/tools/bin/../lib/gcc/arm-none-eabi/9.3.1/../../../../arm-none-eabi/lib/thumb/v7e-m+fp/hard\libc_nano.a(lib_a-init.o)
                0x0000000008000b3c                __libc_init_array
 *(.glue_7)
 .glue_7        0x0000000008000b84        0x0 linker stubs
 *(.glue_7t)
 .glue_7t       0x0000000008000b84        0x0 linker stubs
 *(.eh_frame)
 .eh_frame      0x0000000008000b84        0x0 d:/softwares/stm32cubeide_1.7.0/stm32cubeide/plugins/com.st.stm32cube.ide.mcu.externaltools.gnu-tools-for-stm32.9-2020-q2-update.win32_2.0.0.202105311346/tools/bin/../lib/gcc/arm-none-eabi/9.3.1/thumb/v7e-m+fp/hard/crtbegin.o
 *(.init)
 .init          0x0000000008000b84        0x4 d:/softwares/stm32cubeide_1.7.0/stm32cubeide/plugins/com.st.stm32cube.ide.mcu.externaltools.gnu-tools-for-stm32.9-2020-q2-update.win32_2.0.0.202105311346/tools/bin/../lib/gcc/arm-none-eabi/9.3.1/thumb/v7e-m+fp/hard/crti.o
                0x0000000008000b84                _init
 .init          0x0000000008000b88        0x8 d:/softwares/stm32cubeide_1.7.0/stm32cubeide/plugins/com.st.stm32cube.ide.mcu.externaltools.gnu-tools-for-stm32.9-2020-q2-update.win32_2.0.0.202105311346/tools/bin/../lib/gcc/arm-none-eabi/9.3.1/thumb/v7e-m+fp/hard/crtn.o
 *(.fini)
 .fini          0x0000000008000b90        0x4 d:/softwares/stm32cubeide_1.7.0/stm32cubeide/plugins/com.st.stm32cube.ide.mcu.externaltools.gnu-tools-for-stm32.9-2020-q2-update.win32_2.0.0.202105311346/tools/bin/../lib/gcc/arm-none-eabi/9.3.1/thumb/v7e-m+fp/hard/crti.o
                0x0000000008000b90                _fini
 .fini          0x0000000008000b94        0x8 d:/softwares/stm32cubeide_1.7.0/stm32cubeide/plugins/com.st.stm32cube.ide.mcu.externaltools.gnu-tools-for-stm32.9-2020-q2-update.win32_2.0.0.202105311346/tools/bin/../lib/gcc/arm-none-eabi/9.3.1/thumb/v7e-m+fp/hard/crtn.o
                0x0000000008000b9c                . = ALIGN (0x4)
                0x0000000008000b9c                _etext = .

.vfp11_veneer   0x0000000008000b9c        0x0
 .vfp11_veneer  0x0000000008000b9c        0x0 linker stubs

.v4_bx          0x0000000008000b9c        0x0
 .v4_bx         0x0000000008000b9c        0x0 linker stubs

.iplt           0x0000000008000b9c        0x0
 .iplt          0x0000000008000b9c        0x0 d:/softwares/stm32cubeide_1.7.0/stm32cubeide/plugins/com.st.stm32cube.ide.mcu.externaltools.gnu-tools-for-stm32.9-2020-q2-update.win32_2.0.0.202105311346/tools/bin/../lib/gcc/arm-none-eabi/9.3.1/thumb/v7e-m+fp/hard/crtbegin.o

.rodata         0x0000000008000b9c       0x1c
                0x0000000008000b9c                . = ALIGN (0x4)
 *(.rodata)
 .rodata        0x0000000008000b9c       0x19 ./Src/05_spi_tx_test_arduino.o
 *(.rodata*)
                0x0000000008000bb8                . = ALIGN (0x4)
 *fill*         0x0000000008000bb5        0x3 

.rel.dyn        0x0000000008000bb8        0x0
 .rel.iplt      0x0000000008000bb8        0x0 d:/softwares/stm32cubeide_1.7.0/stm32cubeide/plugins/com.st.stm32cube.ide.mcu.externaltools.gnu-tools-for-stm32.9-2020-q2-update.win32_2.0.0.202105311346/tools/bin/../lib/gcc/arm-none-eabi/9.3.1/thumb/v7e-m+fp/hard/crtbegin.o

.ARM.extab      0x0000000008000bb8        0x0
                0x0000000008000bb8                . = ALIGN (0x4)
 *(.ARM.extab* .gnu.linkonce.armextab.*)
                0x0000000008000bb8                . = ALIGN (0x4)

.ARM            0x0000000008000bb8        0x0
                0x0000000008000bb8                . = ALIGN (0x4)
                0x0000000008000bb8                __exidx_start = .
 *(.ARM.exidx*)
                0x0000000008000bb8                __exidx_end = .
                0x0000000008000bb8                . = ALIGN (0x4)

.preinit_array  0x0000000008000bb8        0x0
                0x0000000008000bb8                . = ALIGN (0x4)
                0x0000000008000bb8                PROVIDE (__preinit_array_start = .)
 *(.preinit_array*)
                0x0000000008000bb8                PROVIDE (__preinit_array_end = .)
                0x0000000008000bb8                . = ALIGN (0x4)

.init_array     0x0000000008000bb8        0x4
                0x0000000008000bb8                . = ALIGN (0x4)
                0x0000000008000bb8                PROVIDE (__init_array_start = .)
 *(SORT_BY_NAME(.init_array.*))
 *(.init_array*)
 .init_array    0x0000000008000bb8        0x4 d:/softwares/stm32cubeide_1.7.0/stm32cubeide/plugins/com.st.stm32cube.ide.mcu.externaltools.gnu-tools-for-stm32.9-2020-q2-update.win32_2.0.0.202105311346/tools/bin/../lib/gcc/arm-none-eabi/9.3.1/thumb/v7e-m+fp/hard/crtbegin.o
                0x0000000008000bbc                PROVIDE (__init_array_end = .)
                0x0000000008000bbc                . = ALIGN (0x4)

.fini_array     0x0000000008000bbc        0x4
                0x0000000008000bbc                . = ALIGN (0x4)
                [!provide]                        PROVIDE (__fini_array_start = .)
 *(SORT_BY_NAME(.fini_array.*))
 *(.fini_array*)
 .fini_array    0x0000000008000bbc        0x4 d:/softwares/stm32cubeide_1.7.0/stm32cubeide/plugins/com.st.stm32cube.ide.mcu.externaltools.gnu-tools-for-stm32.9-2020-q2-update.win32_2.0.0.202105311346/tools/bin/../lib/gcc/arm-none-eabi/9.3.1/thumb/v7e-m+fp/hard/crtbegin.o
                [!provide]                        PROVIDE (__fini_array_end = .)
                0x0000000008000bc0                . = ALIGN (0x4)
                0x0000000008000bc0                _sidata = LOADADDR (.data)

.data           0x0000000020000000        0x0 load address 0x0000000008000bc0
                0x0000000020000000                . = ALIGN (0x4)
                0x0000000020000000                _sdata = .
 *(.data)
 *(.data*)
 *(.RamFunc)
 *(.RamFunc*)
                0x0000000020000000                . = ALIGN (0x4)
                0x0000000020000000                _edata = .
                0x0000000008000bc0                _siccmram = LOADADDR (.ccmram)

.igot.plt       0x0000000020000000        0x0 load address 0x0000000008000bc0
 .igot.plt      0x0000000020000000        0x0 d:/softwares/stm32cubeide_1.7.0/stm32cubeide/plugins/com.st.stm32cube.ide.mcu.externaltools.gnu-tools-for-stm32.9-2020-q2-update.win32_2.0.0.202105311346/tools/bin/../lib/gcc/arm-none-eabi/9.3.1/thumb/v7e-m+fp/hard/crtbegin.o

.ccmram         0x0000000010000000        0x0 load address 0x0000000008000bc0
                0x0000000010000000                . = ALIGN (0x4)
                0x0000000010000000                _sccmram = .
 *(.ccmram)
 *(.ccmram*)
                0x0000000010000000                . = ALIGN (0x4)
                0x0000000010000000                _eccmram = .
                0x0000000010000000                . = ALIGN (0x4)

.bss            0x0000000020000000       0x1c
                0x0000000020000000                _sbss = .
                0x0000000020000000                __bss_start__ = _sbss
 *(.bss)
 .bss           0x0000000020000000       0x1c d:/softwares/stm32cubeide_1.7.0/stm32cubeide/plugins/com.st.stm32cube.ide.mcu.externaltools.gnu-tools-for-stm32.9-2020-q2-update.win32_2.0.0.202105311346/tools/bin/../lib/gcc/arm-none-eabi/9.3.1/thumb/v7e-m+fp/hard/crtbegin.o
 *(.bss*)
 *(COMMON)
                0x000000002000001c                . = ALIGN (0x4)
                0x000000002000001c                _ebss = .
                0x000000002000001c                __bss_end__ = _ebss

._user_heap_stack
                0x000000002000001c      0x604
                0x0000000020000020                . = ALIGN (0x8)
 *fill*         0x000000002000001c        0x4 
                [!provide]                        PROVIDE (end = .)
                [!provide]                        PROVIDE (_end = .)
                0x0000000020000220                . = (. + _Min_Heap_Size)
 *fill*         0x0000000020000020      0x200 
                0x0000000020000620                . = (. + _Min_Stack_Size)
 *fill*         0x0000000020000220      0x400 
                0x0000000020000620                . = ALIGN (0x8)

/DISCARD/
 libc.a(*)
 libm.a(*)
 libgcc.a(*)

.ARM.attributes
                0x0000000000000000       0x30
 *(.ARM.attributes)
 .ARM.attributes
                0x0000000000000000       0x1e d:/softwares/stm32cubeide_1.7.0/stm32cubeide/plugins/com.st.stm32cube.ide.mcu.externaltools.gnu-tools-for-stm32.9-2020-q2-update.win32_2.0.0.202105311346/tools/bin/../lib/gcc/arm-none-eabi/9.3.1/thumb/v7e-m+fp/hard/crti.o
 .ARM.attributes
                0x000000000000001e       0x34 d:/softwares/stm32cubeide_1.7.0/stm32cubeide/plugins/com.st.stm32cube.ide.mcu.externaltools.gnu-tools-for-stm32.9-2020-q2-update.win32_2.0.0.202105311346/tools/bin/../lib/gcc/arm-none-eabi/9.3.1/thumb/v7e-m+fp/hard/crtbegin.o
 .ARM.attributes
                0x0000000000000052       0x34 ./Src/05_spi_tx_test_arduino.o
 .ARM.attributes
                0x0000000000000086       0x21 ./Startup/startup_stm32f303retx.o
 .ARM.attributes
                0x00000000000000a7       0x34 ./drivers/src/stm32f303xx_gpio_driver.o
 .ARM.attributes
                0x00000000000000db       0x34 ./drivers/src/stm32f303xx_spi_driver.o
 .ARM.attributes
                0x000000000000010f       0x34 d:/softwares/stm32cubeide_1.7.0/stm32cubeide/plugins/com.st.stm32cube.ide.mcu.externaltools.gnu-tools-for-stm32.9-2020-q2-update.win32_2.0.0.202105311346/tools/bin/../lib/gcc/arm-none-eabi/9.3.1/../../../../arm-none-eabi/lib/thumb/v7e-m+fp/hard\libc_nano.a(lib_a-init.o)
 .ARM.attributes
                0x0000000000000143       0x17 d:/softwares/stm32cubeide_1.7.0/stm32cubeide/plugins/com.st.stm32cube.ide.mcu.externaltools.gnu-tools-for-stm32.9-2020-q2-update.win32_2.0.0.202105311346/tools/bin/../lib/gcc/arm-none-eabi/9.3.1/../../../../arm-none-eabi/lib/thumb/v7e-m+fp/hard\libc_nano.a(lib_a-strlen.o)
 .ARM.attributes
                0x000000000000015a       0x1e d:/softwares/stm32cubeide_1.7.0/stm32cubeide/plugins/com.st.stm32cube.ide.mcu.externaltools.gnu-tools-for-stm32.9-2020-q2-update.win32_2.0.0.202105311346/tools/bin/../lib/gcc/arm-none-eabi/9.3.1/thumb/v7e-m+fp/hard/crtn.o
OUTPUT(stm32f3xx_drivers.elf elf32-littlearm)
LOAD linker stubs
LOAD d:/softwares/stm32cubeide_1.7.0/stm32cubeide/plugins/com.st.stm32cube.ide.mcu.externaltools.gnu-tools-for-stm32.9-2020-q2-update.win32_2.0.0.202105311346/tools/bin/../lib/gcc/arm-none-eabi/9.3.1/../../../../arm-none-eabi/lib/thumb/v7e-m+fp/hard\libc.a
LOAD d:/softwares/stm32cubeide_1.7.0/stm32cubeide/plugins/com.st.stm32cube.ide.mcu.externaltools.gnu-tools-for-stm32.9-2020-q2-update.win32_2.0.0.202105311346/tools/bin/../lib/gcc/arm-none-eabi/9.3.1/../../../../arm-none-eabi/lib/thumb/v7e-m+fp/hard\libm.a
LOAD d:/softwares/stm32cubeide_1.7.0/stm32cubeide/plugins/com.st.stm32cube.ide.mcu.externaltools.gnu-tools-for-stm32.9-2020-q2-update.win32_2.0.0.202105311346/tools/bin/../lib/gcc/arm-none-eabi/9.3.1/thumb/v7e-m+fp/hard\libgcc.a

.debug_info     0x0000000000000000     0x1853
 .debug_info    0x0000000000000000      0xcb4 ./Src/05_spi_tx_test_arduino.o
 .debug_info    0x0000000000000cb4       0x22 ./Startup/startup_stm32f303retx.o
 .debug_info    0x0000000000000cd6      0x71e ./drivers/src/stm32f303xx_gpio_driver.o
 .debug_info    0x00000000000013f4      0x45f ./drivers/src/stm32f303xx_spi_driver.o

.debug_abbrev   0x0000000000000000      0x492
 .debug_abbrev  0x0000000000000000      0x1ed ./Src/05_spi_tx_test_arduino.o
 .debug_abbrev  0x00000000000001ed       0x12 ./Startup/startup_stm32f303retx.o
 .debug_abbrev  0x00000000000001ff      0x173 ./drivers/src/stm32f303xx_gpio_driver.o
 .debug_abbrev  0x0000000000000372      0x120 ./drivers/src/stm32f303xx_spi_driver.o

.debug_aranges  0x0000000000000000      0x130
 .debug_aranges
                0x0000000000000000       0x40 ./Src/05_spi_tx_test_arduino.o
 .debug_aranges
                0x0000000000000040       0x28 ./Startup/startup_stm32f303retx.o
 .debug_aranges
                0x0000000000000068       0x70 ./drivers/src/stm32f303xx_gpio_driver.o
 .debug_aranges
                0x00000000000000d8       0x58 ./drivers/src/stm32f303xx_spi_driver.o

.debug_ranges   0x0000000000000000       0xf8
 .debug_ranges  0x0000000000000000       0x30 ./Src/05_spi_tx_test_arduino.o
 .debug_ranges  0x0000000000000030       0x20 ./Startup/startup_stm32f303retx.o
 .debug_ranges  0x0000000000000050       0x60 ./drivers/src/stm32f303xx_gpio_driver.o
 .debug_ranges  0x00000000000000b0       0x48 ./drivers/src/stm32f303xx_spi_driver.o

.debug_macro    0x0000000000000000     0x20fa
 .debug_macro   0x0000000000000000      0x163 ./Src/05_spi_tx_test_arduino.o
 .debug_macro   0x0000000000000163      0xab4 ./Src/05_spi_tx_test_arduino.o
 .debug_macro   0x0000000000000c17       0x22 ./Src/05_spi_tx_test_arduino.o
 .debug_macro   0x0000000000000c39       0x8e ./Src/05_spi_tx_test_arduino.o
 .debug_macro   0x0000000000000cc7       0x51 ./Src/05_spi_tx_test_arduino.o
 .debug_macro   0x0000000000000d18      0x103 ./Src/05_spi_tx_test_arduino.o
 .debug_macro   0x0000000000000e1b       0x6a ./Src/05_spi_tx_test_arduino.o
 .debug_macro   0x0000000000000e85      0x1df ./Src/05_spi_tx_test_arduino.o
 .debug_macro   0x0000000000001064      0x4de ./Src/05_spi_tx_test_arduino.o
 .debug_macro   0x0000000000001542       0xbe ./Src/05_spi_tx_test_arduino.o
 .debug_macro   0x0000000000001600       0x9a ./Src/05_spi_tx_test_arduino.o
 .debug_macro   0x000000000000169a       0x52 ./Src/05_spi_tx_test_arduino.o
 .debug_macro   0x00000000000016ec       0x18 ./Src/05_spi_tx_test_arduino.o
 .debug_macro   0x0000000000001704       0x3c ./Src/05_spi_tx_test_arduino.o
 .debug_macro   0x0000000000001740       0x34 ./Src/05_spi_tx_test_arduino.o
 .debug_macro   0x0000000000001774      0x174 ./Src/05_spi_tx_test_arduino.o
 .debug_macro   0x00000000000018e8       0x16 ./Src/05_spi_tx_test_arduino.o
 .debug_macro   0x00000000000018fe       0x43 ./Src/05_spi_tx_test_arduino.o
 .debug_macro   0x0000000000001941       0x34 ./Src/05_spi_tx_test_arduino.o
 .debug_macro   0x0000000000001975       0x10 ./Src/05_spi_tx_test_arduino.o
 .debug_macro   0x0000000000001985       0x58 ./Src/05_spi_tx_test_arduino.o
 .debug_macro   0x00000000000019dd       0x71 ./Src/05_spi_tx_test_arduino.o
 .debug_macro   0x0000000000001a4e       0x1c ./Src/05_spi_tx_test_arduino.o
 .debug_macro   0x0000000000001a6a      0x12a ./Src/05_spi_tx_test_arduino.o
 .debug_macro   0x0000000000001b94      0x339 ./Src/05_spi_tx_test_arduino.o
 .debug_macro   0x0000000000001ecd       0x10 ./Src/05_spi_tx_test_arduino.o
 .debug_macro   0x0000000000001edd       0x35 ./Src/05_spi_tx_test_arduino.o
 .debug_macro   0x0000000000001f12       0x20 ./Src/05_spi_tx_test_arduino.o
 .debug_macro   0x0000000000001f32       0x9a ./drivers/src/stm32f303xx_gpio_driver.o
 .debug_macro   0x0000000000001fcc       0x94 ./drivers/src/stm32f303xx_gpio_driver.o
 .debug_macro   0x0000000000002060       0x9a ./drivers/src/stm32f303xx_spi_driver.o

.debug_line     0x0000000000000000     0x16f8
 .debug_line    0x0000000000000000      0x6ae ./Src/05_spi_tx_test_arduino.o
 .debug_line    0x00000000000006ae       0x84 ./Startup/startup_stm32f303retx.o
 .debug_line    0x0000000000000732      0x994 ./drivers/src/stm32f303xx_gpio_driver.o
 .debug_line    0x00000000000010c6      0x632 ./drivers/src/stm32f303xx_spi_driver.o

.debug_str      0x0000000000000000     0x92fe
 .debug_str     0x0000000000000000     0x8fbf ./Src/05_spi_tx_test_arduino.o
                                       0x923e (size before relaxing)
 .debug_str     0x0000000000008fbf       0x31 ./Startup/startup_stm32f303retx.o
                                         0x75 (size before relaxing)
 .debug_str     0x0000000000008ff0      0x245 ./drivers/src/stm32f303xx_gpio_driver.o
                                       0x5e1b (size before relaxing)
 .debug_str     0x0000000000009235       0xc9 ./drivers/src/stm32f303xx_spi_driver.o
                                       0x5cd5 (size before relaxing)

.comment        0x0000000000000000       0x53
 .comment       0x0000000000000000       0x53 ./Src/05_spi_tx_test_arduino.o
                                         0x54 (size before relaxing)
 .comment       0x0000000000000053       0x54 ./drivers/src/stm32f303xx_gpio_driver.o
 .comment       0x0000000000000053       0x54 ./drivers/src/stm32f303xx_spi_driver.o

.debug_frame    0x0000000000000000      0x404
 .debug_frame   0x0000000000000000       0xc8 ./Src/05_spi_tx_test_arduino.o
 .debug_frame   0x00000000000000c8      0x1c8 ./drivers/src/stm32f303xx_gpio_driver.o
 .debug_frame   0x0000000000000290      0x148 ./drivers/src/stm32f303xx_spi_driver.o
 .debug_frame   0x00000000000003d8       0x2c d:/softwares/stm32cubeide_1.7.0/stm32cubeide/plugins/com.st.stm32cube.ide.mcu.externaltools.gnu-tools-for-stm32.9-2020-q2-update.win32_2.0.0.202105311346/tools/bin/../lib/gcc/arm-none-eabi/9.3.1/../../../../arm-none-eabi/lib/thumb/v7e-m+fp/hard\libc_nano.a(lib_a-init.o)
